// Jest Snapshot v1, https://goo.gl/fbAQLP

exports[`should match snapshot 1`] = `
<div
  className="p-10"
>
  <h1
    className="text-lg mb-4"
  >
    Results
  </h1>
  <ul
    className="list-disc"
  >
    <li
      data-testid="person-1"
    >
      John Smith
    </li>
    <li
      data-testid="person-2"
    >
      Jane Doe
    </li>
  </ul>
</div>
`;
